2026-07-24 19:35:05,727 [INFO] [MainThread] [root/log.py:104]: YASB v2.0.5
2026-07-24 19:35:05,727 [INFO] [CLIPipeServer] [cli_server/cli_server.py:216]: CLI server started v1.1.7
2026-07-24 19:35:05,728 [INFO] [MainThread] [cli_server/cli_server.py:106]: Log pipe server started
2026-07-24 19:38:36,233 [INFO] [MainThread] [root/welcome.py:867]: Created config file at C:\Users\moham\.config\yasb\config.yaml
2026-07-24 19:38:36,234 [INFO] [MainThread] [root/welcome.py:876]: Created styles file at C:\Users\moham\.config\yasb\styles.css
2026-07-24 19:38:36,863 [INFO] [MainThread] [root/api.py:62]: GitHubDataManager started...
2026-07-24 19:38:36,935 [INFO] [MainThread] [root/service.py:41]: AudioInputService starting...
2026-07-24 19:38:37,003 [INFO] [MainThread] [root/service.py:52]: AudioOutputService starting...
2026-07-24 19:38:38,428 [INFO] [MainThread] [root/bar_manager.py:103]: Starting SystemEventListener...
2026-07-24 19:38:38,428 [INFO] [MainThread] [root/bar_manager.py:103]: Starting WindowsNotificationEventListener...
2026-07-24 19:38:38,429 [INFO] [MainThread] [root/watcher.py:65]: Watching directory: c:\users\moham\.config\yasb
2026-07-24 19:38:38,430 [INFO] [MainThread] [root/watcher.py:104]: Created file watcher
2026-07-24 19:38:38,490 [INFO] [MainThread] [root/update_service.py:434]: Background update checker started
2026-07-24 19:45:04,544 [ERROR] [MainThread] [root/config.py:99]: The config file 'C:\Users\moham\.config\yasb\config.yaml' contains validation errors. Please fix:
glazewm_tiling_direction:
- Extra inputs are not permitted

2026-07-24 19:45:06,582 [INFO] [MainThread] [root/controller.py:21]: Reloading Application because of config change.
2026-07-24 19:45:06,694 [INFO] [MainThread] [cli_server/cli_server.py:114]: Log pipe server stopped
2026-07-24 19:45:06,700 [INFO] [MainThread] [root/bar_manager.py:93]: Successfully loaded updated config and re-initialised all bars.
2026-07-24 19:45:07,663 [INFO] [MainThread] [root/log.py:104]: YASB v2.0.5
2026-07-24 19:45:07,663 [INFO] [CLIPipeServer] [cli_server/cli_server.py:216]: CLI server started v1.1.7
2026-07-24 19:45:07,664 [INFO] [MainThread] [cli_server/cli_server.py:106]: Log pipe server started
2026-07-24 19:45:07,664 [INFO] [MainThread] [root/main.py:48]: Waiting for previous YASB instance to exit...
2026-07-24 19:45:07,941 [INFO] [MainThread] [root/bar_manager.py:119]: Stopping SystemEventListener...
2026-07-24 19:45:07,994 [INFO] [MainThread] [root/bar_manager.py:119]: Stopping WindowsNotificationEventListener...
2026-07-24 19:45:08,416 [INFO] [MainThread] [root/main.py:74]: Previous instance exited, continuing startup.
2026-07-24 19:45:09,132 [INFO] [MainThread] [root/api.py:62]: GitHubDataManager started...
2026-07-24 19:45:09,179 [INFO] [MainThread] [root/service.py:41]: AudioInputService starting...
2026-07-24 19:45:09,250 [INFO] [MainThread] [root/service.py:52]: AudioOutputService starting...
2026-07-24 19:45:11,320 [INFO] [MainThread] [root/bar_manager.py:103]: Starting WindowsNotificationEventListener...
2026-07-24 19:45:11,321 [INFO] [MainThread] [root/bar_manager.py:103]: Starting SystemEventListener...
2026-07-24 19:45:11,322 [INFO] [MainThread] [root/watcher.py:65]: Watching directory: c:\users\moham\.config\yasb
2026-07-24 19:45:11,322 [INFO] [MainThread] [root/watcher.py:104]: Created file watcher
2026-07-24 19:45:11,541 [INFO] [MainThread] [root/update_service.py:434]: Background update checker started
2026-07-24 19:48:29,371 [ERROR] [MainThread] [root/bar_manager.py:80]: Error loading config: while scanning for the next token
found character '%' that cannot start any token
  in "C:\Users\moham\.config\yasb\config.yaml", line 277, column 37
2026-07-24 19:48:34,664 [ERROR] [MainThread] [root/config.py:99]: The config file 'C:\Users\moham\.config\yasb\config.yaml' contains validation errors. Please fix:
widgets:
  glazewm_workspaces:
    str:
    - Input should be a valid string
    dict[str,any]:
    - Input should be a valid dictionary

2026-07-24 19:48:42,205 [INFO] [MainThread] [root/controller.py:21]: Reloading Application because of config change.
2026-07-24 19:48:42,311 [INFO] [MainThread] [cli_server/cli_server.py:114]: Log pipe server stopped
2026-07-24 19:48:42,318 [INFO] [MainThread] [root/bar_manager.py:93]: Successfully loaded updated config and re-initialised all bars.
2026-07-24 19:48:43,135 [INFO] [MainThread] [root/log.py:104]: YASB v2.0.5
2026-07-24 19:48:43,135 [INFO] [CLIPipeServer] [cli_server/cli_server.py:216]: CLI server started v1.1.7
2026-07-24 19:48:43,136 [INFO] [MainThread] [cli_server/cli_server.py:106]: Log pipe server started
2026-07-24 19:48:43,136 [INFO] [MainThread] [root/main.py:48]: Waiting for previous YASB instance to exit...
2026-07-24 19:48:43,460 [INFO] [MainThread] [root/bar_manager.py:119]: Stopping WindowsNotificationEventListener...
2026-07-24 19:48:43,514 [INFO] [MainThread] [root/bar_manager.py:119]: Stopping SystemEventListener...
2026-07-24 19:48:43,888 [INFO] [MainThread] [root/main.py:74]: Previous instance exited, continuing startup.
2026-07-24 19:48:44,614 [INFO] [MainThread] [root/api.py:62]: GitHubDataManager started...
2026-07-24 19:48:44,686 [INFO] [MainThread] [root/service.py:41]: AudioInputService starting...
2026-07-24 19:48:44,753 [INFO] [MainThread] [root/service.py:52]: AudioOutputService starting...
2026-07-24 19:48:46,829 [INFO] [MainThread] [root/bar_manager.py:103]: Starting SystemEventListener...
2026-07-24 19:48:46,830 [INFO] [MainThread] [root/bar_manager.py:103]: Starting WindowsNotificationEventListener...
2026-07-24 19:48:46,831 [INFO] [MainThread] [root/watcher.py:65]: Watching directory: c:\users\moham\.config\yasb
2026-07-24 19:48:46,831 [INFO] [MainThread] [root/watcher.py:104]: Created file watcher
2026-07-24 19:48:46,953 [INFO] [MainThread] [root/update_service.py:434]: Background update checker started
2026-07-24 19:52:03,182 [INFO] [MainThread] [root/bar_manager.py:119]: Stopping SystemEventListener...
2026-07-24 19:52:03,505 [INFO] [MainThread] [root/bar_manager.py:119]: Stopping WindowsNotificationEventListener...
2026-07-24 20:00:22,215 [INFO] [MainThread] [root/log.py:104]: YASB v2.0.5
2026-07-24 20:00:22,216 [INFO] [CLIPipeServer] [cli_server/cli_server.py:216]: CLI server started v1.1.7
2026-07-24 20:00:22,217 [INFO] [MainThread] [cli_server/cli_server.py:106]: Log pipe server started
2026-07-24 20:00:23,983 [INFO] [MainThread] [root/api.py:62]: GitHubDataManager started...
2026-07-24 20:00:24,089 [INFO] [MainThread] [root/service.py:41]: AudioInputService starting...
2026-07-24 20:00:24,169 [INFO] [MainThread] [root/service.py:52]: AudioOutputService starting...
2026-07-24 20:00:25,297 [INFO] [MainThread] [root/bar_manager.py:103]: Starting SystemEventListener...
2026-07-24 20:00:25,298 [INFO] [MainThread] [root/bar_manager.py:103]: Starting WindowsNotificationEventListener...
2026-07-24 20:00:25,301 [INFO] [MainThread] [root/watcher.py:65]: Watching directory: c:\users\moham\.config\yasb
2026-07-24 20:00:25,301 [INFO] [MainThread] [root/watcher.py:104]: Created file watcher
2026-07-24 20:00:25,506 [INFO] [MainThread] [root/update_service.py:434]: Background update checker started
2026-07-24 20:00:33,896 [WARNING] [MainThread] [glazewm_client/client.py:134]: WebSocket error: SocketError.ConnectionRefusedError. Reconnecting...
2026-07-24 20:00:34,255 [WARNING] [MainThread] [glazewm_client/client.py:134]: WebSocket error: SocketError.ConnectionRefusedError. Reconnecting...
Windows fatal exception: code 0x8001010d

Thread 0x00001630 [asyncio_0] (most recent call first):
  File "C:\hostedtoolcache\windows\Python\3.14.6\x64\Lib\threading.py", line 373 in wait
  File "C:\hostedtoolcache\windows\Python\3.14.6\x64\Lib\threading.py", line 670 in wait
  File "C:\hostedtoolcache\windows\Python\3.14.6\x64\Lib\concurrent\futures\thread.py", line 73 in run
  File "C:\hostedtoolcache\windows\Python\3.14.6\x64\Lib\concurrent\futures\thread.py", line 86 in run
  File "C:\hostedtoolcache\windows\Python\3.14.6\x64\Lib\concurrent\futures\thread.py", line 119 in _worker
  File "C:\hostedtoolcache\windows\Python\3.14.6\x64\Lib\threading.py", line 1024 in run
  File "C:\hostedtoolcache\windows\Python\3.14.6\x64\Lib\threading.py", line 1082 in _bootstrap_inner
  File "C:\hostedtoolcache\windows\Python\3.14.6\x64\Lib\threading.py", line 1044 in _bootstrap

Thread 0x00004090 [Thread-5] (most recent call first):
  File "C:\hostedtoolcache\windows\Python\3.14.6\x64\Lib\threading.py", line 369 in wait
  File "C:\hostedtoolcache\windows\Python\3.14.6\x64\Lib\queue.py", line 199 in get
  File "D:\a\yasb\yasb\venv\Lib\site-packages\watchdog\observers\api.py", line 379 in dispatch_events
  File "D:\a\yasb\yasb\venv\Lib\site-packages\watchdog\observers\api.py", line 213 in run
  File "C:\hostedtoolcache\windows\Python\3.14.6\x64\Lib\threading.py", line 1082 in _bootstrap_inner
  File "C:\hostedtoolcache\windows\Python\3.14.6\x64\Lib\threading.py", line 1044 in _bootstrap

Thread 0x00001784 [WindowsNotificationEventListener] (most recent call first):
  File "C:\hostedtoolcache\windows\Python\3.14.6\x64\Lib\asyncio\windows_events.py", line 778 in _poll
  File "C:\hostedtoolcache\windows\Python\3.14.6\x64\Lib\asyncio\windows_events.py", line 446 in select
  File "C:\hostedtoolcache\windows\Python\3.14.6\x64\Lib\asyncio\base_events.py", line 2018 in _run_once
  File "C:\hostedtoolcache\windows\Python\3.14.6\x64\Lib\asyncio\base_events.py", line 677 in run_forever
  File "C:\hostedtoolcache\windows\Python\3.14.6\x64\Lib\asyncio\base_events.py", line 706 in run_until_complete
  File "D:\a\yasb\yasb\src\core\widgets\services\notifications\windows_notification.py", line 101 in run

Thread 0x000043ec [SystemEventListener] (most recent call first):
  File "D:\a\yasb\yasb\src\core\utils\win32\event_listener.py", line 69 in run

Thread 0x00003e9c [Thread-6] (most recent call first):
  File "D:\a\yasb\yasb\venv\Lib\site-packages\watchdog\observers\winapi.py", line 326 in read_directory_changes
  File "D:\a\yasb\yasb\venv\Lib\site-packages\watchdog\observers\winapi.py", line 380 in read_events
  File "D:\a\yasb\yasb\venv\Lib\site-packages\watchdog\observers\read_directory_changes.py", line 67 in _read_events
  File "D:\a\yasb\yasb\venv\Lib\site-packages\watchdog\observers\read_directory_changes.py", line 70 in queue_events
  File "D:\a\yasb\yasb\venv\Lib\site-packages\watchdog\observers\api.py", line 158 in run
  File "C:\hostedtoolcache\windows\Python\3.14.6\x64\Lib\threading.py", line 1082 in _bootstrap_inner
  File "C:\hostedtoolcache\windows\Python\3.14.6\x64\Lib\threading.py", line 1044 in _bootstrap

Thread 0x00004328 [MemoryWorker] (most recent call first):
  File "D:\a\yasb\yasb\src\core\widgets\services\memory\memory_api.py", line 244 in run

Thread 0x0000414c [CpuWorker] (most recent call first):
  File "D:\a\yasb\yasb\src\core\widgets\services\cpu\cpu_api.py", line 340 in run

Thread 0x00003a3c [_EventWorker] (most recent call first):
  File "D:\a\yasb\yasb\venv\Lib\site-packages\qasync\_windows.py", line 147 in _poll
  File "D:\a\yasb\yasb\venv\Lib\site-packages\qasync\_windows.py", line 72 in select
  File "D:\a\yasb\yasb\venv\Lib\site-packages\qasync\_windows.py", line 199 in run

Thread 0x00001a98 [LogPipeServer] (most recent call first):
  File "D:\a\yasb\yasb\src\core\utils\win32\bindings\kernel32.py", line 288 in ConnectNamedPipe
  File "D:\a\yasb\yasb\src\core\utils\cli_server.py", line 138 in _run_server
  File "C:\hostedtoolcache\windows\Python\3.14.6\x64\Lib\threading.py", line 1024 in run
  File "C:\hostedtoolcache\windows\Python\3.14.6\x64\Lib\threading.py", line 1082 in _bootstrap_inner
  File "C:\hostedtoolcache\windows\Python\3.14.6\x64\Lib\threading.py", line 1044 in _bootstrap

Thread 0x000039f8 [CLIPipeServer] (most recent call first):
  File "D:\a\yasb\yasb\src\core\utils\win32\bindings\kernel32.py", line 288 in ConnectNamedPipe
  File "D:\a\yasb\yasb\src\core\utils\cli_server.py", line 235 in _run_server
  File "C:\hostedtoolcache\windows\Python\3.14.6\x64\Lib\threading.py", line 1024 in run
  File "C:\hostedtoolcache\windows\Python\3.14.6\x64\Lib\threading.py", line 1082 in _bootstrap_inner
  File "C:\hostedtoolcache\windows\Python\3.14.6\x64\Lib\threading.py", line 1044 in _bootstrap

Current thread 0x00004028 (most recent call first):
  File "D:\a\yasb\yasb\venv\Lib\site-packages\qasync\__init__.py", line 404 in run_forever
  File "D:\a\yasb\yasb\venv\Lib\site-packages\qasync\__init__.py", line 428 in run_until_complete
  File "main.py", line 100 in main
  File "main.py", line 203 in <module>
  File "D:\a\yasb\yasb\venv\Lib\site-packages\freeze_core\initscripts\console.py", line 27 in run
  File "D:\a\yasb\yasb\venv\Lib\site-packages\freeze_core\initscripts\__startup__.py", line 137 in run

Current thread's C stack trace (most recent call first):
  <cannot get C stack on this system>
2026-07-24 20:11:31,509 [INFO] [CLIPipeServer] [cli_server/cli_server.py:257]: CLI server received command: stop
2026-07-24 20:11:31,509 [INFO] [CLIPipeServer] [root/controller.py:43]: Exiting Application from CLI...
2026-07-24 20:11:31,620 [INFO] [CLIPipeServer] [cli_server/cli_server.py:114]: Log pipe server stopped
2026-07-24 20:11:32,141 [INFO] [MainThread] [root/bar_manager.py:119]: Stopping SystemEventListener...
2026-07-24 20:11:32,150 [INFO] [MainThread] [root/bar_manager.py:119]: Stopping WindowsNotificationEventListener...
